******************************************************************************
            TI ARM Clang Linker PC v2.1.2                      
******************************************************************************
>> Linked Wed Jun  7 13:37:31 2023

OUTPUT FILE NAME:   <project_zero_LP_CC1352P7_4_tirtos7_ticlang.out>
ENTRY POINT SYMBOL: "_c_int00"  address: 0001b725


MEMORY CONFIGURATION

         name            origin    length      used     unused   attr    fill
----------------------  --------  ---------  --------  --------  ----  --------
  FLASH_IMG_HDR         00000000   00000090  0000008d  00000003  R  X
  ENTRY                 00000090   00000040  0000003c  00000004  R  X
  FLASH                 000000d0   000ae0d0  00027216  00086eba  R  X
  RTOS_SRAM             20000000   0000012c  000000d8  00000054  RW X
  SRAM                  20000fdf   00023021  00003a0e  0001f613  RW X


SEGMENT ALLOCATION MAP

run origin  load origin   length   init length attrs members
----------  ----------- ---------- ----------- ----- -------
00000000    00000000    000232e8   000232e8    r-x
  00000000    00000000    0000008d   0000008d    r-- .image_header
  00000090    00000090    0000003c   0000003c    r-- .resetVecs
  000000d0    000000d0    0001f078   0001f078    r-x .text
  0001f148    0001f148    00003b7e   00003b7e    r-- .rodata
  00022cc8    00022cc8    00000620   00000620    r-- .cinit
00048000    00048000    00004000   00000000    rw-
  00048000    00048000    00004000   00000000    rw- .TI.bound:flashBuf0
20001810    20001810    00000010   00000000    rw-
  20001810    20001810    00000010   00000000    rw- .TI.bound:dmaUart0RxControlTableEntry
20001820    20001820    00000010   00000000    rw-
  20001820    20001820    00000010   00000000    rw- .TI.bound:dmaUart0TxControlTableEntry
20001830    20001830    00000010   00000000    rw-
  20001830    20001830    00000010   00000000    rw- .TI.bound:dmaSpi0RxControlTableEntry
20001840    20001840    00000010   00000000    rw-
  20001840    20001840    00000010   00000000    rw- .TI.bound:dmaSpi0TxControlTableEntry
20001a30    20001a30    00000010   00000000    rw-
  20001a30    20001a30    00000010   00000000    rw- .TI.bound:dmaSpi0RxAltControlTableEntry
20001a40    20001a40    000035be   00000000    rw-
  20001a40    20001a40    00000010   00000000    rw- .TI.bound:dmaSpi0TxAltControlTableEntry
  20001a50    20001a50    000011bf   00000000    rw- .data
  20002c10    20002c10    000023ee   00000000    rw- .bss
20023c00    20023c00    00000400   00000000    rw-
  20023c00    20023c00    00000400   00000000    rw- .stack


SECTION ALLOCATION MAP

 output                                  attributes/
section   page    origin      length       input sections
--------  ----  ----------  ----------   ----------------
.image_header 
*          0    00000000    0000008d     
                  00000000    0000008d     oad_image_header_app.o (.image_header)

.resetVecs 
*          0    00000090    0000003c     
                  00000090    0000003c     ti_sysbios_config.o (.resetVecs)

.intvecs   0    000000cc    00000000     UNINITIALIZED

EntrySection 
*          0    000000cc    00000000     UNINITIALIZED

.cinit     0    00022cc8    00000620     
                  00022cc8    0000059b     (.cinit..data.load) [load image, compression = lzss]
                  00023263    00000001     --HOLE-- [fill = 0]
                  00023264    0000000c     (__TI_handler_table)
                  00023270    00000008     (.cinit..TI.bound:dmaSpi0RxAltControlTableEntry.load) [load image, compression = zero_init]
                  00023278    00000008     (.cinit..TI.bound:dmaSpi0RxControlTableEntry.load) [load image, compression = zero_init]
                  00023280    00000008     (.cinit..TI.bound:dmaSpi0TxAltControlTableEntry.load) [load image, compression = zero_init]
                  00023288    00000008     (.cinit..TI.bound:dmaSpi0TxControlTableEntry.load) [load image, compression = zero_init]
                  00023290    00000008     (.cinit..TI.bound:dmaUart0RxControlTableEntry.load) [load image, compression = zero_init]
                  00023298    00000008     (.cinit..TI.bound:dmaUart0TxControlTableEntry.load) [load image, compression = zero_init]
                  000232a0    00000008     (.cinit..bss.load) [load image, compression = zero_init]
                  000232a8    00000040     (__TI_cinit_table)

.TI.bound:flashBuf0 
*          0    00048000    00004000     UNINITIALIZED
                  00048000    00004000     ti_drivers_config.o (.TI.bound:flashBuf0)

.vecs      0    20000000    000000d8     NOLOAD SECTION
                  20000000    000000d8     ti_sysbios_config.o (.vecs)

.TI.bound:dmaUart0RxControlTableEntry 
*          0    20001810    00000010     UNINITIALIZED
                  20001810    00000010     ti_drivers_config.o (.TI.bound:dmaUart0RxControlTableEntry)

.TI.bound:dmaUart0TxControlTableEntry 
*          0    20001820    00000010     UNINITIALIZED
                  20001820    00000010     ti_drivers_config.o (.TI.bound:dmaUart0TxControlTableEntry)

.TI.bound:dmaSpi0RxControlTableEntry 
*          0    20001830    00000010     UNINITIALIZED
                  20001830    00000010     ti_drivers_config.o (.TI.bound:dmaSpi0RxControlTableEntry)

.TI.bound:dmaSpi0TxControlTableEntry 
*          0    20001840    00000010     UNINITIALIZED
                  20001840    00000010     ti_drivers_config.o (.TI.bound:dmaSpi0TxControlTableEntry)

.TI.bound:dmaSpi0RxAltControlTableEntry 
*          0    20001a30    00000010     UNINITIALIZED
                  20001a30    00000010     ti_drivers_config.o (.TI.bound:dmaSpi0RxAltControlTableEntry)

.TI.bound:dmaSpi0TxAltControlTableEntry 
*          0    20001a40    00000010     UNINITIALIZED
                  20001a40    00000010     ti_drivers_config.o (.TI.bound:dmaSpi0TxAltControlTableEntry)

.data      0    20001a50    000011bf     UNINITIALIZED
                  20001a50    00000174     drivers_cc13x2x7.a : PowerCC26X2.c.obj (.data.PowerCC26X2_module)
                  20001bc4    00000130     devinfoservice.o (.data.devInfoAttrTbl)
                  20001cf4    000000f4     StackWrapper.a : gapbondmgr.o (.data)
                  20001de8    000000d0     oad.o (.data.oadAttrTbl)
                  20001eb8    000000b0     OneLib.a : gapgattserver.o (.data)
                  20001f68    0000007d     project_zero.o (.data..L_MergedGlobals.95)
                  20001fe5    00000003     oad.o (.data.oadCharVals)
                  20001fe8    0000007c     ti_drivers_config.o (.data.gpioPinConfigs)
                  20002064    00000004     icall.o (.data.ICall_dispatcher)
                  20002068    0000007a     devinfoservice.o (.data..L_MergedGlobals)
                  200020e2    00000002     ble_user_config.o (.data.bleUserCfg_maxPduSize)
                  200020e4    00000078     icall.o (.data..L_MergedGlobals.1)
                  2000215c    00000078     button_service.o (.data..L_MergedGlobals)
                  200021d4    00000074     project_zero.o (.data..L_MergedGlobals.96)
                  20002248    00000070     OneLib.a : ll_config.o (.data)
                  200022b8    00000069     ti_radio_config.o (.data.txPowerTable_2400_pa5_10)
                  20002321    00000001     drivers_cc13x2x7.a : AESCTRCC26XX.c.obj (.data.AESCTR_isInitialized)
                  20002322    00000002     OneLib.a : ll.o (.data)
                  20002324    00000068     rf_multiMode_cc13x2.a : RFCC26X2_multiMode.c.cc13x2.ticlang.o (.data..L_MergedGlobals.1)
                  2000238c    00000004                           : RFCC26X2_multiMode.c.cc13x2.ticlang.o (.data.RF_fsmActiveState.lfClockSourceLast)
                  20002390    00000068     ti_sysbios_config.o (.data..L_MergedGlobals.70)
                  200023f8    00000068     ti_sysbios_config.o (.data..L_MergedGlobals)
                  20002460    00000068     ti_sysbios_config.o (.data.ti_sysbios_knl_Clock_Module_state)
                  200024c8    00000064     rf_multiMode_cc13x2.a : RFCC26X2_multiMode.c.cc13x2.ticlang.o (.data..L_MergedGlobals.3)
                  2000252c    00000060     data_service.o (.data.Data_ServiceAttrTbl)
                  2000258c    00000058     rf_multiMode_cc13x2.a : RFCC26X2_multiMode.c.cc13x2.ticlang.o (.data..L_MergedGlobals.2)
                  200025e4    00000058     project_zero.o (.data..L_MergedGlobals)
                  2000263c    00000058     ti_radio_config.o (.data.pOverrides_bleCommon)
                  20002694    00000050     led_service.o (.data.LED_ServiceAttrTbl)
                  200026e4    00000048     data_service.o (.data..L_MergedGlobals)
                  2000272c    00000040     oad.o (.data..L_MergedGlobals.1)
                  2000276c    00000040     OneLib.a : gattservapp.o (.data)
                  200027ac    00000040              : sm_pairing.o (.data)
                  200027ec    0000003c     icall_user_config.o (.data.nvintfFncStruct)
                  20002828    0000003c     ti_sysbios_config.o (.data.ti_sysbios_knl_Task_Module_state)
                  20002864    00000038     drivers_cc13x2x7.a : TRNGCC26XX.c.obj (.data..L_MergedGlobals.1)
                  2000289c    00000004     libc.a : _lock.c.obj (.data._lock)
                  200028a0    00000030     drivers_cc13x2x7.a : TRNGCC26XX.c.obj (.data..L_MergedGlobals)
                  200028d0    0000002c     oad.o (.data..L_MergedGlobals)
                  200028fc    0000002a     devinfoservice.o (.data..L_MergedGlobals.1)
                  20002926    00000002     OneLib.a : ll_config.o (.data)
                  20002928    00000028     nvocmp.o (.data..L_MergedGlobals.1)
                  20002950    00000028     project_zero.o (.data.ProjectZero_DataService_ValueChangeHandler.received_string)
                  20002978    00000024     ble_user_config.o (.data.eccParams_NISTP256)
                  2000299c    00000024     ti_radio_config.o (.data.pOverrides_ble2Mbps)
                  200029c0    00000024     ti_radio_config.o (.data.pOverrides_bleTxStd)
                  200029e4    00000020     drivers_cc13x2x7.a : NVSSPI25X.c.obj (.data..L_MergedGlobals)
                  20002a04    00000020     ti_radio_config.o (.data.pOverrides_bleTx20)
                  20002a24    0000001c     ti_ble_config.o (.data.advParams1)
                  20002a40    00000018     ti_radio_config.o (.data.pOverrides_ble1Mbps)
                  20002a58    00000015     ti_ble_config.o (.data.attDeviceName)
                  20002a6d    00000001     nvocmp.o (.data.NVOCMP_failF)
                  20002a6e    00000002     StackWrapper.a : osal_cbtimer.o (.data)
                  20002a70    00000014     flash_interface_ext_rtos_NVS.o (.data..L_MergedGlobals)
                  20002a84    00000014     icall.o (.data..L_MergedGlobals)
                  20002a98    00000014     StackWrapper.a : osal.o (.data)
                  20002aac    00000012     ti_ble_config.o (.data.scanResData1)
                  20002abe    00000011     ti_ble_config.o (.data.advData1)
                  20002acf    00000001     drivers_cc13x2x7.a : PKAResourceCC26XX.c.obj (.data.PKAResourceCC26XX_pollingFlag)
                  20002ad0    00000010     ti_radio_config.o (.data.RF_modeBle)
                  20002ae0    00000010     driverlib.lib : osc.o (.data._hposcCoeffs)
                  20002af0    00000010     icall_user_config.o (.data.bleAppServiceInfoTable)
                  20002b00    00000010     ti_radio_config.o (.data.pOverrides_bleCoded)
                  20002b10    00000010     main.o (.data.user0Cfg)
                  20002b20    00000010     OneLib.a : gattservapp.o (.data)
                  20002b30    00000010              : ll_data.o (.data)
                  20002b40    0000000f     ti_ble_config.o (.data..L_MergedGlobals)
                  20002b4f    00000001     rf_multiMode_cc13x2.a : rf_patch_cpe_bt5.c.cc13x2.ticlang.o (.data.bBt5PatchEntered)
                  20002b50    0000000c     UartLog.o (.data..L_MergedGlobals)
                  20002b5c    0000000c     drivers_cc13x2x7.a : NVSCC26XX.c.obj (.data..L_MergedGlobals)
                  20002b68    0000000c     led_service.o (.data..L_MergedGlobals)
                  20002b74    00000008     button_service.o (.data..L_MergedGlobals.20)
                  20002b7c    00000008     icall_cc2650.o (.data..L_MergedGlobals)
                  20002b84    00000008     rf_multiMode_cc13x2.a : RFCC26X2_multiMode.c.cc13x2.ticlang.o (.data..L_MergedGlobals)
                  20002b8c    00000008                           : RFCC26X2_multiMode.c.cc13x2.ticlang.o (.data.RFCC26XX_schedulerPolicy)
                  20002b94    00000008     ti_sysbios_config.o (.data.ti_sysbios_gates_GateMutexPri_Module_state)
                  20002b9c    00000008     ti_sysbios_config.o (.data.ti_sysbios_heaps_HeapCallback_Module_state)
                  20002ba4    00000008     ti_sysbios_config.o (.data.ti_sysbios_knl_Event_state)
                  20002bac    00000008     ti_sysbios_config.o (.data.ti_sysbios_knl_Semaphore_Module_state)
                  20002bb4    00000008     OneLib.a : gapgattserver.o (.data)
                  20002bbc    00000004     libc.a : _lock.c.obj (.data._unlock)
                  20002bc0    00000004     ble_user_config.o (.data.appAssertCback)
                  20002bc4    00000004     ble_user_config_stack.o (.data.icallServiceTblPtr)
                  20002bc8    00000004     button_service.o (.data.pAppCBs)
                  20002bcc    00000004     ti_ble_config.o (.data.pRandomAddress)
                  20002bd0    00000004     icall_api_lite.o (.data.pRfErrCb)
                  20002bd4    00000004     icall_api_lite.o (.data.pfnBMAlloc)
                  20002bd8    00000004     icall_api_lite.o (.data.pfnBMFree)
                  20002bdc    00000004     OneLib.a : ll_slave_end_causes.o (.data)
                  20002be0    00000004     StackWrapper.a : hal_assert.o (.data)
                  20002be4    00000001     button_service.o (.data.bs_BUTTON0Props)
                  20002be5    00000001     button_service.o (.data.bs_BUTTON1Props)
                  20002be6    00000001     devinfoservice.o (.data.devInfo11073CertProps)
                  20002be7    00000001     devinfoservice.o (.data.devInfoFirmwareRevProps)
                  20002be8    00000001     devinfoservice.o (.data.devInfoHardwareRevProps)
                  20002be9    00000001     devinfoservice.o (.data.devInfoMfrNameProps)
                  20002bea    00000001     devinfoservice.o (.data.devInfoModelNumberProps)
                  20002beb    00000001     devinfoservice.o (.data.devInfoPnpIdProps)
                  20002bec    00000001     devinfoservice.o (.data.devInfoSerialNumberProps)
                  20002bed    00000001     devinfoservice.o (.data.devInfoSoftwareRevProps)
                  20002bee    00000001     devinfoservice.o (.data.devInfoSystemIdProps)
                  20002bef    00000001     data_service.o (.data.ds_StreamProps)
                  20002bf0    00000001     data_service.o (.data.ds_StringProps)
                  20002bf1    00000001     drivers_cc13x2x7.a : GPIOCC26X2.c.obj (.data.initCalled)
                  20002bf2    00000001                        : AESCCMCC26XX.c.obj (.data.isInitialized)
                  20002bf3    00000001                        : AESCTRDRBGXX.c.obj (.data.isInitialized)
                  20002bf4    00000001                        : AESECBCC26XX.c.obj (.data.isInitialized)
                  20002bf5    00000001                        : CryptoResourceCC26XX.c.obj (.data.isInitialized)
                  20002bf6    00000001                        : ECDHCC26X2.c.obj (.data.isInitialized)
                  20002bf7    00000001                        : NVS.c.obj (.data.isInitialized)
                  20002bf8    00000001                        : PKAResourceCC26XX.c.obj (.data.isInitialized)
                  20002bf9    00000001                        : SPI.c.obj (.data.isInitialized)
                  20002bfa    00000001     flash_interface_ext_rtos_NVS.o (.data.isOpen)
                  20002bfb    00000001     led_service.o (.data.ls_LED0Props)
                  20002bfc    00000001     led_service.o (.data.ls_LED1Props)
                  20002bfd    00000001     oad.o (.data.oadCharExtCtrlProps)
                  20002bfe    00000001     oad.o (.data.oadCharProps)
                  20002bff    00000001     OneLib.a : gapgattserver.o (.data)
                  20002c00    00000001              : gapgattserver.o (.data)
                  20002c01    00000001              : gapgattserver.o (.data)
                  20002c02    00000001              : gapgattserver.o (.data)
                  20002c03    00000001              : gapgattserver.o (.data)
                  20002c04    00000001              : gapgattserver.o (.data)
                  20002c05    00000001              : gattservapp.o (.data)
                  20002c06    00000001              : gattservapp.o (.data)
                  20002c07    00000001              : ll.o (.data)
                  20002c08    00000001              : ll_ae.o (.data)
                  20002c09    00000001              : ll_data.o (.data)
                  20002c0a    00000001              : ll_scheduler.o (.data)
                  20002c0b    00000001              : sm_task.o (.data)
                  20002c0c    00000001     StackWrapper.a : gap.o (.data)
                  20002c0d    00000001                    : gap.o (.data)
                  20002c0e    00000001                    : hal_assert.o (.data)

.bss       0    20002c10    000023ee     UNINITIALIZED
                  20002c10    00000800     (.common:appTaskStack)
                  20003410    00000500     (.common:uartLog_evBuf)
                  20003910    00000300     (.common:ti_sysbios_knl_Idle_taskStack)
                  20003c10    000002c0     rf_multiMode_cc13x2.a : RFCC26X2_multiMode.c.cc13x2.ticlang.o (.bss.RF_cmdPool)
                  20003ed0    00000170     (.common:uart2CC26X2Objects)
                  20004040    00000100     OneLib.a : ll.o (.bss)
                  20004140    00000100     (.common:crcBuf)
                  20004240    00000100     (.common:spiCC26X2DMAObjects)
                  20004340    000000d8     (.common:ti_sysbios_family_arm_m3_Hwi_dispatchTable)
                  20004418    000000ac     (.common:uartLog_outBuf)
                  200044c4    0000008d     oad.o (.bss.candidateImageHeader)
                  20004551    00000001     OneLib.a : gapgattserver.o (.bss)
                  20004552    00000002              : gapgattserver.o (.bss)
                  20004554    00000084     (.common:trngCC26XXObjects)
                  200045d8    0000007c     (.common:gpioCallbackFunctions)
                  20004654    0000007c     (.common:gpioUserArgs)
                  200046d0    00000078     StackWrapper.a : osal_cbtimer.o (.bss)
                  20004748    00000068     rf_multiMode_cc13x2.a : RFCC26X2_multiMode.c.cc13x2.ticlang.o (.bss.RF_ratModule)
                  200047b0    00000060     (.common:ti_sysbios_knl_ClockSupport_timerStruct)
                  20004810    00000058     (.common:pzTask)
                  20004868    00000058     (.common:ti_sysbios_knl_Idle_taskStruct)
                  200048c0    00000054     (.common:aesctrdrbgXXObjects)
                  20004914    00000050     (.common:CryptoResourceCC26XX_accessSemaphore)
                  20004964    00000050     (.common:CryptoResourceCC26XX_operationSemaphore)
                  200049b4    00000050     (.common:PKAResourceCC26XX_accessSemaphore)
                  20004a04    00000050     (.common:PKAResourceCC26XX_operationSemaphore)
                  20004a54    00000044                           : RFCC26X2_multiMode.c.cc13x2.ticlang.o (.bss.RF_clkInactivityObj)
                  20004a98    00000044                           : RFCC26X2_multiMode.c.cc13x2.ticlang.o (.bss.RF_clkPowerUpObj)
                  20004adc    00000040     ti_drivers_config.o (.bss.verifyBuf)
                  20004b1c    00000040     (.common:aesctrCC26XXObjects)
                  20004b5c    0000003c     rf_multiMode_cc13x2.a : RFCC26X2_multiMode.c.cc13x2.ticlang.o (.bss.RF_swiHwObj)
                  20004b98    0000003c     StackWrapper.a : osal_snv_wrapper.o (.bss)
                  20004bd4    00000030     (.common:ti_sysbios_knl_Swi_readyQs)
                  20004c04    00000030     (.common:ti_sysbios_knl_Task_readyQs)
                  20004c34    0000002e     (.common:NVOCMP_nvHandle)
                  20004c62    00000002     OneLib.a : ll.o (.bss)
                  20004c64    0000002c              : ll.o (.bss)
                  20004c90    00000024              : ll.o (.bss)
                  20004cb4    00000024     (.common:aesecbCC26XXObjects)
                  20004cd8    00000020     ti_drivers_config.o (.bss.uart2RxRingBuffer0)
                  20004cf8    00000020     ti_drivers_config.o (.bss.uart2TxRingBuffer0)
                  20004d18    00000020     OneLib.a : gattservapp.o (.bss)
                  20004d38    00000020              : ll_ae.o (.bss)
                  20004d58    00000020              : ll_ae.o (.bss)
                  20004d78    00000020     StackWrapper.a : gapbondmgr.o (.bss)
                  20004d98    00000020                    : gapbondmgr.o (.bss)
                  20004db8    00000020     (.common:ecdhCC26X2Objects)
                  20004dd8    00000020     (.common:ti_sysbios_runtime_System_atexitHandlers)
                  20004df8    00000020     (.common:udmaCC26XXObject)
                  20004e18    0000001c     drivers_cc13x2x7.a : GPIOCC26X2.c.obj (.bss.gpioHwi)
                  20004e34    0000001c     (.common:BIOS_heapCallbackObject)
                  20004e50    0000001c     (.common:BIOS_rtsGate)
                  20004e6c    0000001c     (.common:CryptoResourceCC26XX_hwi)
                  20004e88    0000001c     (.common:PKAResourceCC26XX_hwi)
                  20004ea4    00000018     OneLib.a : gapgattserver.o (.bss)
                  20004ebc    00000018     (.common:aesccmCC26XXObjects)
                  20004ed4    00000014     drivers_cc13x2x7.a : Random.c.obj (.bss.state)
                  20004ee8    00000010     OneLib.a : ll.o (.bss)
                  20004ef8    0000000c              : ll.o (.bss)
                  20004f04    0000000c              : ll.o (.bss)
                  20004f10    0000000c              : ll_scheduler.o (.bss)
                  20004f1c    0000000c     (.common:nvsSPI25XObjects)
                  20004f28    00000008              : ll.o (.bss)
                  20004f30    00000008              : ll.o (.bss)
                  20004f38    00000008              : ll_ae.o (.bss)
                  20004f40    00000008     StackWrapper.a : gapbondmgr.o (.bss)
                  20004f48    00000004     data_service.o (.bss.ds_StreamConfig)
                  20004f4c    00000004     driverlib.lib : osc.o (.bss.oscHfGlobals.0)
                  20004f50    00000004                   : osc.o (.bss.oscHfGlobals.2)
                  20004f54    00000004                   : osc.o (.bss.oscHfGlobals.3)
                  20004f58    00000004                   : osc.o (.bss.oscHfGlobals.4)
                  20004f5c    00000004     drivers_cc13x2x7.a : ECDHCC26X2.c.obj (.bss.resultPKAMemAddr)
                  20004f60    00000004     OneLib.a : gapgattserver.o (.bss)
                  20004f64    00000004              : gattservapp.o (.bss)
                  20004f68    00000004              : linkdb.o (.bss)
                  20004f6c    00000004              : ll.o (.bss)
                  20004f70    00000004              : ll.o (.bss)
                  20004f74    00000004              : ll.o (.bss)
                  20004f78    00000004              : ll.o (.bss)
                  20004f7c    00000004              : ll.o (.bss)
                  20004f80    00000004              : ll_ae.o (.bss)
                  20004f84    00000004              : ll_common.o (.bss)
                  20004f88    00000004              : ll_enc.o (.bss)
                  20004f8c    00000004              : ll_privacy.o (.bss)
                  20004f90    00000004     StackWrapper.a : gapbondmgr.o (.bss)
                  20004f94    00000004                    : gapbondmgr.o (.bss)
                  20004f98    00000004                    : osal.o (.bss)
                  20004f9c    00000004                    : osal.o (.bss)
                  20004fa0    00000004                    : osal.o (.bss)
                  20004fa4    00000004                    : osal.o (.bss)
                  20004fa8    00000004                    : osal.o (.bss)
                  20004fac    00000004                    : osal.o (.bss)
                  20004fb0    00000004                    : osal_bufmgr.o (.bss)
                  20004fb4    00000004                    : osal_clock.o (.bss)
                  20004fb8    00000004                    : osal_clock.o (.bss)
                  20004fbc    00000004                    : osal_timers.o (.bss)
                  20004fc0    00000004                    : osal_timers.o (.bss)
                  20004fc4    00000004                    : osal_timers.o (.bss)
                  20004fc8    00000004     (.common:HEAPMGR_SIZE)
                  20004fcc    00000004     (.common:PowerCC26XX_swiKey)
                  20004fd0    00000004     (.common:PowerCC26XX_taskKey)
                  20004fd4    00000004     (.common:tasksEvents)
                  20004fd8    00000004     (.common:ti_sysbios_family_arm_cc26xx_TimestampProvider_Module_state)
                  20004fdc    00000004     (.common:ti_sysbios_knl_Task_defaultStackHeap)
                  20004fe0    00000002     OneLib.a : ll_slave_end_causes.o (.bss)
                  20004fe2    00000002     StackWrapper.a : osal_pwrmgr.o (.bss)
                  20004fe4    00000001     OneLib.a : gattservapp.o (.bss)
                  20004fe5    00000001              : hci_tl.o (.bss)
                  20004fe6    00000001              : hci_tl.o (.bss)
                  20004fe7    00000001              : hci_tl.o (.bss)
                  20004fe8    00000001              : hci_tl.o (.bss)
                  20004fe9    00000001              : hci_tl.o (.bss)
                  20004fea    00000001              : hci_tl.o (.bss)
                  20004feb    00000001              : ll.o (.bss)
                  20004fec    00000001              : ll.o (.bss)
                  20004fed    00000001              : ll.o (.bss)
                  20004fee    00000001              : ll.o (.bss)
                  20004fef    00000001              : ll_ae.o (.bss)
                  20004ff0    00000001              : ll_config.o (.bss)
                  20004ff1    00000001              : ll_config.o (.bss)
                  20004ff2    00000001              : ll_enc.o (.bss)
                  20004ff3    00000001              : ll_isr.o (.bss)
                  20004ff4    00000001              : sm_task.o (.bss)
                  20004ff5    00000001     StackWrapper.a : ble_dispatch_lite.o (.bss)
                  20004ff6    00000001                    : gapbondmgr.o (.bss)
                  20004ff7    00000001                    : gapbondmgr.o (.bss)
                  20004ff8    00000001                    : hal_assert.o (.bss)
                  20004ff9    00000001                    : osal.o (.bss)
                  20004ffa    00000001                    : osal_pwrmgr.o (.bss)
                  20004ffb    00000001     (.common:NVOCMP_size)
                  20004ffc    00000001     (.common:gAction)
                  20004ffd    00000001     (.common:nvsCC26XXObjects)

.vtable    0    20004ffe    00000000     UNINITIALIZED

.vtable_ram 
*          0    20004ffe    00000000     UNINITIALIZED

vtable_ram 
*          0    20004ffe    00000000     UNINITIALIZED

.sysmem    0    20004ffe    00000000     UNINITIALIZED

.nonretenvar 
*          0    20004ffe    00000000     UNINITIALIZED

.noinit    0    20004ffe    00000000     UNINITIALIZED

.stack     0    20023c00    00000400     UNINITIALIZED
                  20023c00    00000004     sysbios.a : boot_cortex_m.obj (.stack)
                  20023c04    000003fc     --HOLE--

.text      0    000000d0    0001f078     
                  000000d0    00001180     project_zero.o (.text.ProjectZero_taskFxn)
                  00001250    00000be0     StackWrapper.a : gapbondmgr.o (.text)
                  00001e30    000006f4     oad.o (.text.OAD_processQueue)
                  00002524    000006ec     StackWrapper.a : gapbondmgr.o (.text)
                  00002c10    000006d8     OneLib.a : ll_adv_end_causes.o (.text)
                  000032e8    000004d0              : ll_ae.o (.text)
                  000037b8    00000498     rf_multiMode_cc13x2.a : RFCC26X2_multiMode.c.cc13x2.ticlang.o (.text.RF_fsmActiveState)
                  00003c50    00000480     OneLib.a : ble.o (.text)
                  000040d0    0000047c              : ll_isr.o (.text)
                  0000454c    00000448              : ll.o (.text)
                  00004994    0000043c              : ll_slave_end_causes.o (.text)
                  00004dd0    000003e0     oad.o (.text.oadProcessExtControlCmd)
                  000051b0    0000038c     OneLib.a : ll_scheduler.o (.text)
                  0000553c    00000348              : ll_ae.o (.text)
                  00005884    00000340     ti_sysbios_config.o (.text.ti_sysbios_runtime_System_doPrint)
                  00005bc4    00000340     OneLib.a : ll_slave_end_causes.o (.text)
                  00005f04    00000338              : ll_ae.o (.text)
                  0000623c    00000334              : ll_scheduler.o (.text)
                  00006570    0000030c              : ll_ae.o (.text)
                  0000687c    000002c8     drivers_cc13x2x7.a : SPICC26X2DMA.c.obj (.text.SPICC26X2DMA_transfer)
                  00006b44    000002b0     StackWrapper.a : gapbondmgr.o (.text)
                  00006df4    000002a8     nvocmp.o (.text.NVOCMP_initNvApi)
                  0000709c    000002a0     nvocmp.o (.text.NVOCMP_compactPage)
                  0000733c    0000029c     rf_multiMode_cc13x2.a : RFCC26X2_multiMode.c.cc13x2.ticlang.o (.text.RF_open)
                  000075d8    00000294     OneLib.a : ll.o (.text)
                  0000786c    00000294              : ll_ae.o (.text)
                  00007b00    00000274              : ll_ae.o (.text)
                  00007d74    00000274              : ll_isr.o (.text)
                  00007fe8    00000268              : ll_isr.o (.text)
                  00008250    0000025c              : ll_common.o (.text)
                  000084ac    0000025c     StackWrapper.a : gapbondmgr.o (.text)
                  00008708    00000254     drivers_cc13x2x7.a : ECDHCC26X2.c.obj (.text.ECDHCC26X2_hwiFxn)
                  0000895c    0000024c     nvocmp.o (.text.NVOCMP_addItem)
                  00008ba8    00000244     OneLib.a : ll_data.o (.text)
                  00008dec    00000204              : gattservapp.o (.text)
                  00008ff0    000001f0     drivers_cc13x2x7.a : UART2CC26X2.c.obj (.text.UART2CC26X2_hwiIntFxn)
                  000091e0    000001f0     OneLib.a : ll.o (.text)
                  000093d0    000001e8     rf_multiMode_cc13x2.a : RFCC26X2_multiMode.c.cc13x2.ticlang.o (.text.RF_scheduleCmd)
                  000095b8    000001e0     StackWrapper.a : osal.o (.text)
                  00009798    000001dc     rf_multiMode_cc13x2.a : RFCC26X2_multiMode.c.cc13x2.ticlang.o (.text.RF_dispatchNextCmd)
                  00009974    000001dc     OneLib.a : ll_scheduler.o (.text)
                  00009b50    000001cc              : ll_ae.o (.text)
                  00009d1c    000001b6     libclang_rt.builtins.a : adddf3.S.obj (.text)
                  00009ed2    000001ae     drivers_cc13x2x7.a : SPICC26X2DMA.c.obj (.text.SPICC26X2DMA_hwiFxn)
                  0000a080    00000198     OneLib.a : ll_common.o (.text)
                  0000a218    00000196              : ll_common.o (.text)
                  0000a3ae    00000002     ti_sysbios_config.o (.text.BIOS_nullFunc)
                  0000a3b0    00000194     drivers_cc13x2x7.a : PowerCC26X2_calibrateRCOSC.c.obj (.text.PowerCC26X2_auxISR)
                  0000a544    00000188                        : AESECBCC26XX.c.obj (.text.AESECB_addDataInternal)
                  0000a6cc    00000188                        : SPICC26X2DMA.c.obj (.text.SPICC26X2DMA_open)
                  0000a854    00000188     OneLib.a : ll_isr.o (.text)
                  0000a9dc    00000184              : ll_ae.o (.text)
                  0000ab60    0000017c     drivers_cc13x2x7.a : ECDHCC26X2.c.obj (.text.ECDH_computeSharedSecret)
                  0000acdc    0000017c                        : UART2CC26X2.c.obj (.text.UART2_open)
                  0000ae58    00000174     crc32.o (.text.CRC32_calc)
                  0000afcc    00000174     drivers_cc13x2x7.a : UART2.c.obj (.text.UART2_writeTimeoutBlocking)
                  0000b140    00000174     UartLog.o (.text.uartLog_flush)
                  0000b2b4    00000174     OneLib.a : gattservapp.o (.text)
                  0000b428    00000174              : ll_scheduler.o (.text)
                  0000b59c    00000170     data_service.o (.text.Data_Service_WriteAttrCB)
                  0000b70c    0000016c     drivers_cc13x2x7.a : AESCCMCC26XX.c.obj (.text.AESCCM_startOperation)
                  0000b878    00000168     OneLib.a : ll_ae.o (.text)
                  0000b9e0    00000162     StackWrapper.a : osal.o (.text)
                  0000bb42    00000002     ti_drivers_config.o (.text.Board_initHook)
                  0000bb44    00000160     icall.o (.text.ICall_waitMatch)
                  0000bca4    00000160     drivers_cc13x2x7.a : SPICC26X2DMA.c.obj (.text.configNextTransfer)
                  0000be04    0000015c                        : NVSSPI25X.c.obj (.text.NVSSPI25X_write)
                  0000bf60    00000158                        : AESCTRCC26XX.c.obj (.text.AESCTR_processData)
                  0000c0b8    00000158                        : PowerCC26X2.c.obj (.text.Power_sleep)
                  0000c210    00000158     OneLib.a : ll_common.o (.text)
                  0000c368    00000150              : gap_task.o (.text)
                  0000c4b8    00000150              : ll_ae.o (.text)
                  0000c608    0000014c              : ll_isr.o (.text)
                  0000c754    00000148     rf_multiMode_cc13x2.a : RFCC26X2_multiMode.c.cc13x2.ticlang.o (.text.RF_radioOpDoneCb)
                  0000c89c    00000144     data_service.o (.text.DataService_SetParameter)
                  0000c9e0    00000144     ble_user_config_stack.o (.text.setBleUserConfig)
                  0000cb24    00000004     drivers_cc13x2x7.a : AESCTRDRBGXX.c.obj (.text.AESCTRDRBG_getBytes)
                  0000cb28    00000144     ti_sysbios_config.o (.text.ti_sysbios_runtime_System_printfExtend)
                  0000cc6c    00000144     StackWrapper.a : gap.o (.text)
                  0000cdb0    00000140     OneLib.a : gattservapp.o (.text)
                  0000cef0    00000134     rf_multiMode_cc13x2.a : RFCC26X2_multiMode.c.cc13x2.ticlang.o (.text.RF_ratSetupChannel)
                  0000d024    00000130     driverlib.lib : aes.o (.text.NOROM_AESWriteToKeyStore)
                  0000d154    0000012c     button_service.o (.text.ButtonService_SetParameter)
                  0000d280    0000012c     rf_multiMode_cc13x2.a : RFCC26X2_multiMode.c.cc13x2.ticlang.o (.text.RF_close)
                  0000d3ac    0000012c                           : RFCC26X2_multiMode.c.cc13x2.ticlang.o (.text.RF_fsmSetupState)
                  0000d4d8    0000012c     drivers_cc13x2x7.a : TRNGCC26XX.c.obj (.text.TRNGCC26XX_hwiFxn)
                  0000d604    00000124     rf_multiMode_cc13x2.a : RFCC26X2_multiMode.c.cc13x2.ticlang.o (.text.RF_abortCmd)
                  0000d728    00000124     OneLib.a : ll_ae.o (.text)
                  0000d84c    00000122     drivers_cc13x2x7.a : SPICC26X2DMA.c.obj (.text.SPICC26X2DMA_transferCancel)
                  0000d96e    00000002     ble_user_config.o (.text.DefaultAssertCback)
                  0000d970    00000120     main.o (.text.AssertHandler)
                  0000da90    00000120     nvocmp.o (.text.NVOCMP_findItem)
                  0000dbb0    00000120     ti_sysbios_config.o (.text.ti_sysbios_family_arm_cc26xx_Timer_construct)
                  0000dcd0    00000120     OneLib.a : ll_common.o (.text)
                  0000ddf0    00000120              : ll_data.o (.text)
                  0000df10    0000011c     sysbios.a : Hwi_asm_gnu.obj (.text.ti_sysbios_family_arm_m3_Hwi_dispatch)
                  0000e02c    0000011a     drivers_cc13x2x7.a : UART2.c.obj (.text.UART2_writeTimeoutNonblocking)
                  0000e146    00000002     rom_init.o (.text.MAP_HCI_CteRequestFailedEvent)
                  0000e148    00000118     drivers_cc13x2x7.a : PowerCC26X2.c.obj (.text.Power_init)
                  0000e260    00000118     rf_multiMode_cc13x2.a : RFCC26X2_multiMode.c.cc13x2.ticlang.o (.text.RF_decodeOverridePointers)
                  0000e378    00000114     OneLib.a : ll_common.o (.text)
                  0000e48c    0000010c     drivers_cc13x2x7.a : ECDHCC26X2.c.obj (.text.ECDH_generatePublicKey)
                  0000e598    0000010c                        : NVSSPI25X.c.obj (.text.NVSSPI25X_open)
                  0000e6a4    0000010c                        : PowerCC26X2_calibrateRCOSC.c.obj (.text.PowerCC26X2_calibrate)
                  0000e7b0    0000010c     OneLib.a : gatt_client.o (.text)
                  0000e8bc    00000108     drivers_cc13x2x7.a : NVSCC26XX.c.obj (.text.NVSCC26XX_write)
                  0000e9c4    00000108     oad.o (.text.OAD_open)
                  0000eacc    00000108     rf_multiMode_cc13x2.a : RFCC26X2_multiMode.c.cc13x2.ticlang.o (.text.RF_fsmPowerUpState)
                  0000ebd4    00000108     OneLib.a : ll_scheduler.o (.text)
                  0000ecdc    00000104     drivers_cc13x2x7.a : GPIOCC26X2.c.obj (.text.GPIO_init)
                  0000ede0    00000104     led_service.o (.text.LED_Service_WriteAttrCB)
                  0000eee4    00000104     driverlib.lib : sys_ctrl.o (.text.NOROM_SysCtrlStandby)
                  0000efe8    00000104     drivers_cc13x2x7.a : UART2CC26X2.c.obj (.text.UART2CC26X2_initHw)
                  0000f0ec    00000104     project_zero.o (.text.projectZero_eraseExternalFlash)
                  0000f1f0    000000fe     OneLib.a : ll_scheduler.o (.text)
                  0000f2ee    00000002     rom_init.o (.text.MAP_llClearPeriodicAdvSets)
                  0000f2f0    000000fc     rf_multiMode_cc13x2.a : RFCC26X2_multiMode.c.cc13x2.ticlang.o (.text.RF_hwiCpe0Active)
                  0000f3ec    000000fc     OneLib.a : ll_isr.o (.text)
                  0000f4e8    000000fc     libclang_rt.builtins.a : muldf3.S.obj (.text)
                  0000f5e4    000000f8     drivers_cc13x2x7.a : TRNGCC26XX.c.obj (.text.TRNG_getRandom)
                  0000f6dc    000000f8     OneLib.a : sm_rsppairing.o (.text)
                  0000f7d4    000000f6     drivers_cc13x2x7.a : AESCTRDRBGXX.c.obj (.text.AESCTRDRBG_getRandomBytes)
                  0000f8ca    00000002     rom_init.o (.text.MAP_llClearPeriodicScanSets)
                  0000f8cc    000000f0     drivers_cc13x2x7.a : UART2CC26X2.c.obj (.text.UART2Support_dmaStartRx)
                  0000f9bc    000000f0     OneLib.a : ll_ae.o (.text)
                  0000faac    000000ec              : gap_advertiser.o (.text)
                  0000fb98    000000ec              : ll_common.o (.text)
                  0000fc84    000000e4     driverlib.lib : setup.o (.text.NOROM_SetupTrimDevice)
                  0000fd68    000000e4     ti_drivers_config.o (.text.rfDriverCallbackAntennaSwitching)
                  0000fe4c    000000e4     ti_sysbios_config.o (.text.ti_sysbios_knl_Semaphore_pend)
                  0000ff30    000000e4     OneLib.a : gapgattserver.o (.text)
                  00010014    000000e4              : ll_ae.o (.text)
                  000100f8    000000e0     ti_sysbios_config.o (.text.ti_sysbios_knl_Event_pend)
                  000101d8    000000e0     OneLib.a : ll_scheduler.o (.text)
                  000102b8    000000e0     StackWrapper.a : osal_timers.o (.text)
                  00010398    000000dc     rf_multiMode_cc13x2.a : RFCC26X2_multiMode.c.cc13x2.ticlang.o (.text.RF_control)
                  00010474    000000dc     drivers_cc13x2x7.a : NVSSPI25X.c.obj (.text.doErase)
                  00010550    000000dc     OneLib.a : ll_ae.o (.text)
                  0001062c    000000d8     devinfoservice.o (.text.DevInfo_SetParameter)
                  00010704    000000d8     drivers_cc13x2x7.a : SPICC26X2DMA.c.obj (.text.SPICC26X2DMA_control)
                  000107dc    000000d8     ti_sysbios_config.o (.text.ti_sysbios_family_arm_m3_Hwi_excFillContext)
                  000108b4    000000d0     drivers_cc13x2x7.a : PowerCC26X2.c.obj (.text.configureXOSCHF)
                  00010984    000000cc                        : AESCTRDRBGXX.c.obj (.text.AESCTRDRBG_construct)
                  00010a50    000000cc     ti_sysbios_config.o (.text.ti_sysbios_knl_Clock_workFuncDynamic)
                  00010b1c    000000cc     OneLib.a : hci_event.o (.text)
                  00010be8    000000cc     StackWrapper.a : osal.o (.text)
                  00010cb4    000000ca     rf_multiMode_cc13x2.a : RFCC26X2_multiMode.c.cc13x2.ticlang.o (.text.RF_updatePaConfiguration)
                  00010d7e    00000002     rom_init.o (.text.MAP_llCoexInit)
                  00010d80    000000c8     button_service.o (.text.Button_Service_WriteAttrCB)
                  00010e48    000000c8     led_service.o (.text.LED_Service_ReadAttrCB)
                  00010f10    000000c8     OneLib.a : gap_scanner.o (.text)
                  00010fd8    000000c8              : gapgattserver.o (.text)
                  000110a0    000000c8              : ll.o (.text)
                  00011168    000000c8              : ll_ae.o (.text)
                  00011230    000000c6     drivers_cc13x2x7.a : AESCTRDRBGXX.c.obj (.text.AESCTRDRBG_reseed)
                  000112f6    00000002     rom_init.o (.text.MAP_llCoexSetParams)
                  000112f8    000000c4     button_service.o (.text.Button_Service_ReadAttrCB)
                  000113bc    000000c4     data_service.o (.text.Data_Service_ReadAttrCB)
                  00011480    000000c0     led_service.o (.text.LedService_SetParameter)
                  00011540    000000c0     driverlib.lib : setup.o (.text.TrimAfterColdResetWakeupFromShutDown)
                  00011600    000000c0     oad.o (.text.oadCreateFactoryImageBackup)
                  000116c0    000000c0     OneLib.a : ll.o (.text)
                  00011780    000000c0              : ll.o (.text)
                  00011840    000000c0              : ll_common.o (.text)
                  00011900    000000c0              : ll_isr.o (.text)
                  000119c0    000000bc     rf_multiMode_cc13x2.a : RFCC26X2_multiMode.c.cc13x2.ticlang.o (.text.RF_swiHw)
                  00011a7c    000000bc     drivers_cc13x2x7.a : UART2CC26X2.c.obj (.text.UART2Support_dmaStartTx)
                  00011b38    000000bc     oad.o (.text.oadWriteAttrCB)
                  00011bf4    000000bc     OneLib.a : ble.o (.text)
                  00011cb0    000000bc              : ll_ecc.o (.text)
                  00011d6c    000000bc              : ll_scheduler.o (.text)
                  00011e28    000000b8     devinfoservice.o (.text.devInfo_ReadAttrCB)
                  00011ee0    000000b8     ti_ble_config.o (.text.setBondManagerParameters)
                  00011f98    000000b8     ti_sysbios_config.o (.text.ti_sysbios_knl_Task_Instance_finalize)
                  00012050    000000b8     OneLib.a : ll_slave_end_causes.o (.text)
                  00012108    000000b8     StackWrapper.a : gapbondmgr.o (.text)
                  000121c0    000000b8                    : gattservapp_util.o (.text)
                  00012278    000000b4     driverlib.lib : osc.o (.text.NOROM_OSCHF_AttemptToSwitchToXosc)
                  0001232c    000000b4     ti_sysbios_config.o (.text.PowerCC26XX_standbyPolicy)
                  000123e0    000000b4     drivers_cc13x2x7.a : PowerCC26X2.c.obj (.text.Power_releaseDependency)
                  00012494    000000b4     ti_sysbios_config.o (.text.ti_sysbios_knl_Task_setPri)
                  00012548    000000b0     drivers_cc13x2x7.a : PowerCC26X2.c.obj (.text.Power_setDependency)
                  000125f8    000000b0     OneLib.a : ll_enc.o (.text)
                  000126a8    000000b0     StackWrapper.a : gattservapp_util.o (.text)
                  00012758    000000b0     libclang_rt.builtins.a : udivmoddi4.S.obj (.text)
                  00012808    000000ac     rf_multiMode_cc13x2.a : RFCC26X2_multiMode.c.cc13x2.ticlang.o (.text.RF_pendCmd)
                  000128b4    000000ac     OneLib.a : ll_ae.o (.text)
                  00012960    000000a8              : hci_data.o (.text)
                  00012a08    000000a8              : ll.o (.text)
                  00012ab0    000000a8              : ll_common.o (.text)
                  00012b58    000000a8     StackWrapper.a : gapbondmgr.o (.text)
                  00012c00    000000a4     icall.o (.text.ICall_heapMalloc)
                  00012ca4    000000a4     rf_multiMode_cc13x2.a : RFCC26X2_multiMode.c.cc13x2.ticlang.o (.text.RF_initRadioSetup)
                  00012d48    000000a4     ti_sysbios_config.o (.text.ti_sysbios_knl_Task_Instance_init)
                  00012dec    000000a4     OneLib.a : ll_ae.o (.text)
                  00012e90    000000a4              : ll_ae.o (.text)
                  00012f34    000000a4     StackWrapper.a : gapbondmgr.o (.text)
                  00012fd8    000000a4                    : osal_cbtimer.o (.text)
                  0001307c    000000a0     rf_multiMode_cc13x2.a : RFCC26X2_multiMode.c.cc13x2.ticlang.o (.text.RF_calculateDispatchTime)
                  0001311c    000000a0     OneLib.a : gap_scanner.o (.text)
                  000131bc    000000a0              : gattservapp.o (.text)
                  0001325c    000000a0              : ll_common.o (.text)
                  000132fc    000000a0              : ll_scheduler.o (.text)
                  0001339c    0000009c     drivers_cc13x2x7.a : AESCTRCC26XX.c.obj (.text.AESCTR_startOneStepOperation)
                  00013438    0000009c     project_zero.o (.text.ProjectZero_updatePHYStat)
                  000134d4    0000009c     OneLib.a : ll_common.o (.text)
                  00013570    0000009c              : ll_ecc.o (.text)
                  0001360c    00000098     nvocmp.o (.text.NVOCMP_erase)
                  000136a4    00000098     rf_multiMode_cc13x2.a : RFCC26X2_multiMode.c.cc13x2.ticlang.o (.text.RF_defaultSubmitPolicy)
                  0001373c    00000098     OneLib.a : gattservapp.o (.text)
                  000137d4    00000098              : hci_event.o (.text)
                  0001386c    00000098              : ll_isr.o (.text)
                  00013904    00000096     rf_multiMode_cc13x2.a : RFCC26X2_multiMode.c.cc13x2.ticlang.o (.text.RF_verifyGap)
                  0001399a    00000002     rom_init.o (.text.MAP_llCoexUpdateCounters)
                  0001399c    00000094     rf_multiMode_cc13x2.a : RFCC26X2_multiMode.c.cc13x2.ticlang.o (.text.RF_ratRestartChannels)
                  00013a30    00000094     UartLog.o (.text.UartLog_log)
                  00013ac4    00000094     ti_sysbios_config.o (.text.ti_sysbios_knl_Clock_startI)
                  00013b58    00000094     ti_sysbios_config.o (.text.ti_sysbios_knl_Task_sleep)
                  00013bec    00000094     OneLib.a : gatt_server.o (.text)
                  00013c80    00000094              : ll.o (.text)
                  00013d14    00000094              : ll_common.o (.text)
                  00013da8    00000094              : ll_scheduler.o (.text)
                  00013e3c    00000092              : gap_task.o (.text)
                  00013ece    00000002     rom_init.o (.text.MAP_llDmmDynamicFree)
                  00013ed0    00000090     osal_icall_ble.o (.text.osalInitTasks)
                  00013f60    00000090     OneLib.a : ll.o (.text)
                  00013ff0    00000090              : ll_ae.o (.text)
                  00014080    0000008c     drivers_cc13x2x7.a : GPIOCC26XX.c.obj (.text.GPIO_setConfig)
                  0001410c    0000008c                        : TRNGCC26XX.c.obj (.text.TRNG_construct)
                  00014198    0000008c     project_zero.o (.text.buttonDebounceSwiFxn)
                  00014224    0000008c     ti_sysbios_config.o (.text.ti_sysbios_knl_Clock_init)
                  000142b0    0000008c     project_zero.o (.text.util_arrtohex)
                  0001433c    00000088     button_service.o (.text.ButtonService_AddService)
                  000143c4    00000088     rf_multiMode_cc13x2.a : RFCC26X2_multiMode.c.cc13x2.ticlang.o (.text.RF_cmdDispatchTime)
                  0001444c    00000088                           : RFCC26X2_multiMode.c.cc13x2.ticlang.o (.text.RF_discardPendCmd)
                  000144d4    00000088     OneLib.a : ll_isr.o (.text)
                  0001455c    00000088     StackWrapper.a : osal_cbtimer.o (.text)
                  000145e4    00000084     icall.o (.text.ICall_setTimer)
                  00014668    00000084     nvocmp.o (.text.NVOCMP_readHeader)
                  000146ec    00000084     project_zero.o (.text.ProjectZero_sendParamUpdate)
                  00014770    00000084     rf_multiMode_cc13x2.a : RFCC26X2_multiMode.c.cc13x2.ticlang.o (.text.RF_getInfo)
                  000147f4    00000084     OneLib.a : ll_common.o (.text)
                  00014878    00000080     drivers_cc13x2x7.a : AESCTRCC26XX.c.obj (.text.AESCTR_hwiFxn)
                  000148f8    00000080     data_service.o (.text.DataService_AddService)
                  00014978    00000080     drivers_cc13x2x7.a : NVSSPI25X.c.obj (.text.NVSSPI25X_close)
                  000149f8    00000080                        : UART2CC26X2.c.obj (.text.UART2Support_dmaStopTx)
                  00014a78    00000080                        : NVSCC26XX.c.obj (.text.doErase)
                  00014af8    00000080     oad.o (.text.oadResetState)
                  00014b78    00000080     oad.o (.text.oadSendNotification)
                  00014bf8    00000080     ti_sysbios_config.o (.text.ti_sysbios_family_arm_m3_Hwi_initNVIC)
                  00014c78    00000080     ti_sysbios_config.o (.text.ti_sysbios_gates_GateMutexPri_enter)
                  00014cf8    00000080     OneLib.a : ll_ae.o (.text)
                  00014d78    00000080              : ll_enc.o (.text)
                  00014df8    0000007e              : gap_task.o (.text)
                  00014e76    00000002     rom_init.o (.text.MAP_llDmmSetThreshold)
                  00014e78    0000007c     rf_multiMode_cc13x2.a : RFCC26X2_multiMode.c.cc13x2.ticlang.o (.text.RF_ratDisableChannel)
                  00014ef4    0000007c     drivers_cc13x2x7.a : NVSSPI25X.c.obj (.text.doRead)
                  00014f70    0000007c     icall.o (.text.icall_directAPI)
                  00014fec    0000007c     ti_sysbios_config.o (.text.ti_sysbios_family_arm_m3_Hwi_postInit)
                  00015068    0000007c     OneLib.a : ll_common.o (.text)
                  000150e4    0000007c              : ll_common.o (.text)
                  00015160    0000007c     StackWrapper.a : gapbondmgr.o (.text)
                  000151dc    0000007a     OneLib.a : gattservapp.o (.text)
                  00015256    00000002     rom_init.o (.text.MAP_llHealthUpdate)
                  00015258    00000078     icall.o (.text.ICall_heapInit)
                  000152d0    00000078     driverlib.lib : osc.o (.text.NOROM_OSCHF_SwitchToRcOscTurnOffXosc)
                  00015348    00000078     drivers_cc13x2x7.a : NVSCC26XX.c.obj (.text.NVSCC26XX_open)
                  000153c0    00000078     rf_multiMode_cc13x2.a : RFCC26X2_multiMode.c.cc13x2.ticlang.o (.text.RF_ratFreeChannel)
                  00015438    00000078     drivers_cc13x2x7.a : SPICC26X2DMA.c.obj (.text.SPICC26X2DMA_close)
                  000154b0    00000078     ti_sysbios_config.o (.text.ti_sysbios_knl_Task_postInit)
                  00015528    00000078     OneLib.a : gap_linkmgr.o (.text)
                  000155a0    00000078              : l2cap_task.o (.text)
                  00015618    00000078     StackWrapper.a : osal_cbtimer.o (.text)
                  00015690    00000076     OneLib.a : ll_common.o (.text)
                  00015706    00000076     StackWrapper.a : gap.o (.text)
                  0001577c    00000074     drivers_cc13x2x7.a : AESCTRDRBGXX.c.obj (.text.AESCTRDRBGXX_updateState)
                  000157f0    00000074                        : ECDHCC26X2.c.obj (.text.ECDHCC26X2_getKeyResult)
                  00015864    00000074     nvocmp.o (.text.NVOCMP_readItemApi)
                  000158d8    00000074     drivers_cc13x2x7.a : PowerCC26X2_calibrateRCOSC_helpers.c.obj (.text.PowerCC26X2_updateSubSecInc)
                  0001594c    00000074     rf_multiMode_cc13x2.a : RFCC26X2_multiMode.c.cc13x2.ticlang.o (.text.RF_hwiHw)
                  000159c0    00000074     ti_sysbios_config.o (.text.ti_sysbios_knl_Swi_restoreHwi)
                  00015a34    00000074     ti_sysbios_config.o (.text.ti_sysbios_knl_Task_startup)
                  00015aa8    00000074     OneLib.a : ll_common.o (.text)
                  00015b1c    00000074              : ll_enc.o (.text)
                  00015b90    00000070     drivers_cc13x2x7.a : AESCCMCC26XX.c.obj (.text.AESCCM_cleanup)
                  00015c00    00000070                        : AESCTRCC26XX.c.obj (.text.AESCTR_construct)
                  00015c70    00000070     icall_cc2650.o (.text.ICallPlatform_pwrUpdActivityCounter)
                  00015ce0    00000070     icall.o (.text.ICall_createRemoteTasksAtRuntime)
                  00015d50    00000070     rf_multiMode_cc13x2.a : RFCC26X2_multiMode.c.cc13x2.ticlang.o (.text.RF_getTxPower)
                  00015dc0    00000070     ti_sysbios_config.o (.text.ti_sysbios_family_arm_m3_Hwi_Instance_init)
                  00015e30    00000070     ti_sysbios_config.o (.text.ti_sysbios_runtime_System_formatNum)
                  00015ea0    00000070     OneLib.a : gatt_server.o (.text)
                  00015f10    00000070              : ll_ae.o (.text)
                  00015f80    00000070              : ll_common.o (.text)
                  00015ff0    00000070              : ll_enc.o (.text)
                  00016060    00000070     StackWrapper.a : osal.o (.text)
                  000160d0    0000006e     libclang_rt.builtins.a : comparedf2.c.obj (.text.__gedf2)
                  0001613e    00000002     rom_init.o (.text.MAP_llMaster_TaskEnd)
                  00016140    0000006e     libclang_rt.builtins.a : comparedf2.c.obj (.text.__ledf2)
                  000161ae    0000006e     OneLib.a : gatt_server.o (.text)
                  0001621c    0000006c     project_zero.o (.text.GPIO_Board_keyCallback)
                  00016288    0000006c     icall.o (.text.ICall_wait)
                  000162f4    0000006c     nvocmp.o (.text.NVOCMP_eraseNvApi)
                  00016360    0000006c     nvocmp.o (.text.NVOCMP_writeItemApi)
                  000163cc    0000006c     rf_multiMode_cc13x2.a : RFCC26X2_multiMode.c.cc13x2.ticlang.o (.text.RF_issueRadioFreeCb)
                  00016438    0000006c     drivers_cc13x2x7.a : Random.c.obj (.text.Random_seedAutomatic)
                  000164a4    0000006c     ti_sysbios_config.o (.text.ti_sysbios_family_arm_m3_Hwi_dispatchC)
                  00016510    0000006c     OneLib.a : ll_isr.o (.text)
                  0001657c    0000006c     StackWrapper.a : osal_cbtimer.o (.text)
                  000165e8    0000006a     nvocmp.o (.text.NVOCMP_verifyCRC)
                  00016652    0000006a     libc.a : copy_decompress_lzss.c.obj (.text:decompress:lzss)
                  000166bc    00000068     drivers_cc13x2x7.a : AESECBCC26XX.c.obj (.text.AESECB_construct)
                  00016724    00000068                        : AESECBCC26XX.c.obj (.text.AESECB_hwiFxn)
                  0001678c    00000068     icall.o (.text.ICall_enrollService)
                  000167f4    00000068     icall.o (.text.ICall_send)
                  0001685c    00000068     icall.o (.text.ICall_sendServiceComplete)
                  000168c4    00000068     driverlib.lib : chipinfo.o (.text.NOROM_ChipInfo_GetChipType)
                  0001692c    00000068     project_zero.o (.text.ProjectZero_ButtonService_CfgChangeCB)
                  00016994    00000068     project_zero.o (.text.ProjectZero_DataService_CfgChangeCB)
                  000169fc    00000068     project_zero.o (.text.ProjectZero_DataService_ValueChangeCB)
                  00016a64    00000068     project_zero.o (.text.ProjectZero_LedService_ValueChangeCB)
                  00016acc    00000068     rf_multiMode_cc13x2.a : RFCC26X2_multiMode.c.cc13x2.ticlang.o (.text.RF_detachOverrides)
                  00016b34    00000068     drivers_cc13x2x7.a : UART2CC26X2.c.obj (.text.UART2Support_dmaStopRx)
                  00016b9c    00000068     ti_sysbios_config.o (.text.ti_sysbios_knl_Event_post)
                  00016c04    00000068     ti_sysbios_config.o (.text.ti_sysbios_knl_Swi_run)
                  00016c6c    00000068     OneLib.a : gap_task.o (.text)
                  00016cd4    00000068              : gattservapp.o (.text)
                  00016d3c    00000068              : ll.o (.text)
                  00016da4    00000068              : ll_ae.o (.text)
                  00016e0c    00000068     StackWrapper.a : osal_timers.o (.text)
                  00016e74    00000066     OneLib.a : ll_common.o (.text)
                  00016eda    00000066     StackWrapper.a : icall_lite_translation.o (.text)
                  00016f40    00000064     drivers_cc13x2x7.a : AESCCMCC26XX.c.obj (.text.AESCCM_hwiFxn)
                  00016fa4    00000064                        : PowerCC26X2_calibrateRCOSC.c.obj (.text.PowerCC26X2_initiateCalibration)
                  00017008    00000064     rf_multiMode_cc13x2.a : RFCC26X2_multiMode.c.cc13x2.ticlang.o (.text.RF_attachOverrides)
                  0001706c    00000064                           : RFCC26X2_multiMode.c.cc13x2.ticlang.o (.text.RF_dispatchNextEvent)
                  000170d0    00000064                           : RFCC26X2_multiMode.c.cc13x2.ticlang.o (.text.RF_hwiCpe0PowerFsm)
                  00017134    00000064     drivers_cc13x2x7.a : UDMACC26XX.c.obj (.text.UDMACC26XX_open)
                  00017198    00000064     oad.o (.text.oadFindCurrentImageHdr)
                  000171fc    00000064     oad.o (.text.oadValidateCandidateHdr)
                  00017260    00000064     drivers_cc13x2x7.a : PowerCC26X2.c.obj (.text.oscillatorISR)
                  000172c4    00000064     ti_sysbios_config.o (.text.ti_sysbios_gates_GateMutexPri_leave)
                  00017328    00000064     ti_sysbios_config.o (.text.ti_sysbios_knl_Idle_init)
                  0001738c    00000064     ti_sysbios_config.o (.text.ti_sysbios_knl_TaskSupport_buildTaskStack)
                  000173f0    00000064     OneLib.a : gapgattserver.o (.text)
                  00017454    00000064              : gattservapp.o (.text)
                  000174b8    00000064              : ll_scheduler.o (.text)
                  0001751c    00000062     rf_multiMode_cc13x2.a : RFCC26X2_multiMode.c.cc13x2.ticlang.o (.text.RF_syncCb)
                  0001757e    00000002     rom_init.o (.text.MAP_llPeriodicAdv_PostProcess)
                  00017580    00000062     libclang_rt.builtins.a : aeabi_dcmp.S.obj (.text)
                  000175e2    00000002     rom_init.o (.text.MAP_llProcessPeriodicScanRxFIFO)
                  000175e4    00000060     drivers_cc13x2x7.a : CryptoResourceCC26XX.c.obj (.text.CryptoResourceCC26XX_constructRTOSObjects)
                  00017644    00000060     nvocmp.o (.text.NVOCMP_checkItem)
                  000176a4    00000060     drivers_cc13x2x7.a : PKAResourceCC26XX.c.obj (.text.PKAResourceCC26XX_constructRTOSObjects)
                  00017704    00000060                        : SPICC26X2DMA.c.obj (.text.csnCallback)
                  00017764    00000060     osal_icall_ble.o (.text.stack_main)
                  000177c4    00000060     ti_sysbios_config.o (.text.ti_sysbios_knl_Clock_walkQueueDynamic)
                  00017824    00000060     ti_sysbios_config.o (.text.ti_sysbios_knl_Semaphore_post)
                  00017884    00000060     ti_sysbios_config.o (.text.ti_sysbios_knl_Swi_schedule)
                  000178e4    00000060     OneLib.a : ll_ae.o (.text)
                  00017944    00000060              : ll_ae.o (.text)
                  000179a4    00000060              : ll_common.o (.text)
                  00017a04    00000060              : sm_pairing.o (.text)
                  00017a64    00000060     StackWrapper.a : gapbondmgr.o (.text)
                  00017ac4    0000005e     rf_multiMode_cc13x2.a : rfc.c.cc13x2.ticlang.o (.text.NOROM_RFCAnaDivTxOverride)
                  00017b22    0000005e     OneLib.a : ll_common.o (.text)
                  00017b80    0000005c     drivers_cc13x2x7.a : NVSSPI25X.c.obj (.text.NVSSPI25X_control)
                  00017bdc    0000005c                        : TRNGCC26XX.c.obj (.text.TRNGCC26XX_startTrng)
                  00017c38    0000005c                        : NVSSPI25X.c.obj (.text.extFlashWaitReady)
                  00017c94    0000005c     rf_multiMode_cc13x2.a : rf_patch_mce_bt5.c.cc13x2.ticlang.o (.text.rf_patch_mce_bt5)
                  00017cf0    0000005c     OneLib.a : gap_perilinkmgr.o (.text)
                  00017d4c    0000005c              : ll_scheduler.o (.text)
                  00017da8    0000005c              : sm_intpairing.o (.text)
                  00017e04    0000005c              : sm_rsppairing.o (.text)
                  00017e60    00000058     button_service.o (.text.ButtonService_RegisterAppCBs)
                  00017eb8    00000058     data_service.o (.text.DataService_RegisterAppCBs)
                  00017f10    00000058     drivers_cc13x2x7.a : ECDHCC26X2.c.obj (.text.ECDH_construct)
                  00017f68    00000058     icall.o (.text.HEAPMGR_GETLARGESTFREEBUF)
                  00017fc0    00000058     icall.o (.text.ICall_fetchMsg)
                  00018018    00000058     rf_multiMode_cc13x2.a : RFCC26X2_multiMode.c.cc13x2.ticlang.o (.text.RF_applyRfCorePatch)
                  00018070    00000058     drivers_cc13x2x7.a : TRNGCC26XX.c.obj (.text.TRNG_init)
                  000180c8    00000058                        : NVSSPI25X.c.obj (.text.doWriteVerify)
                  00018120    00000058     main.o (.text.main)
                  00018178    00000058     sysbios.a : Hwi_asm_switch_gnu.obj (.text.ti_sysbios_family_arm_m3_Hwi_initStacks)
                  000181d0    00000058     OneLib.a : ll_ae.o (.text)
                  00018228    00000058              : ll_common.o (.text)
                  00018280    00000058              : ll_enc.o (.text)
                  000182d8    00000058              : ll_isr.o (.text)
                  00018330    00000058              : sm_pairing.o (.text)
                  00018388    00000058     StackWrapper.a : sm_ecc.o (.text)
                  000183e0    00000056     drivers_cc13x2x7.a : StructRingBuf.c.obj (.text.StructRingBuf_put)
                  00018436    00000002     rom_init.o (.text.MAP_llSetPeriodicSyncInfo)
                  00018438    00000054     drivers_cc13x2x7.a : AESCCMCC26XX.c.obj (.text.AESCCM_construct)
                  0001848c    00000054     icall.o (.text.ICall_registerApp)
                  000184e0    00000054     led_service.o (.text.LedService_RegisterAppCBs)
                  00018534    00000054     nvocmp.o (.text.NVOCMP_compactNvApi)
                  00018588    00000054     nvocmp.o (.text.NVOCMP_getDstPage)
                  000185dc    00000054     rf_multiMode_cc13x2.a : RFCC26X2_multiMode.c.cc13x2.ticlang.o (.text.RF_fsmXOSCState)
                  00018630    00000054                           : RFCC26X2_multiMode.c.cc13x2.ticlang.o (.text.RF_getCurrentTime)
                  00018684    00000054     util.o (.text.Util_constructClock)
                  000186d8    00000054     drivers_cc13x2x7.a : NVSSPI25X.c.obj (.text.extFlashSpiWrite)
                  0001872c    00000054     OneLib.a : gattservapp.o (.text)
                  00018780    00000054              : hci_event.o (.text)
                  000187d4    00000054              : linkdb.o (.text)
                  00018828    00000054              : ll.o (.text)
                  0001887c    00000054              : ll_ae.o (.text)
                  000188d0    00000054     StackWrapper.a : osal_bufmgr.o (.text)
                  00018924    00000052     OneLib.a : gap_centlinkmgr.o (.text)
                  00018976    00000002     rom_init.o (.text.MAP_llTerminatePeriodicScan)
                  00018978    00000050     ti_drivers_config.o (.text.Board_shutDownExtFlash)
                  000189c8    00000050     led_service.o (.text.LedService_AddService)
                  00018a18    00000050     nvocmp.o (.text.NVOCMP_loadApiPtrsMin)
                  00018a68    00000050     drivers_cc13x2x7.a : NVSSPI25X.c.obj (.text.NVSSPI25X_read)
                  00018ab8    00000050     rf_multiMode_cc13x2.a : RFCC26X2_multiMode.c.cc13x2.ticlang.o (.text.RF_wakeupNotification)
                  00018b08    00000050     ti_sysbios_config.o (.text.ti_sysbios_knl_Swi_post)
                  00018b58    00000050     ti_sysbios_config.o (.text.ti_sysbios_knl_Swi_runLoop)
                  00018ba8    00000050     ti_sysbios_config.o (.text.ti_sysbios_knl_Task_schedule)
                  00018bf8    00000050     OneLib.a : gap_perilinkmgr.o (.text)
                  00018c48    00000050              : gap_scanner.o (.text)
                  00018c98    00000050              : hci_tl.o (.text)
                  00018ce8    00000050              : ll_enc.o (.text)
                  00018d38    00000050     StackWrapper.a : gattservapp_util.o (.text)
                  00018d88    00000050                    : osal.o (.text)
                  00018dd8    00000050                    : osal_clock.o (.text)
                  00018e28    0000004e     ti_drivers_config.o (.text.Board_sendExtFlashByte)
                  00018e76    0000004e     nvocmp.o (.text.NVOCMP_readItem)
                  00018ec4    0000004e     StackWrapper.a : gap.o (.text)
                  00018f12    0000004c     drivers_cc13x2x7.a : AESECBCC26XX.c.obj (.text.AESECB_startOperation)
                  00018f5e    00000002     rom_init.o (.text.MAP_llUpdateCteState)
                  00018f60    0000004c     ti_sysbios_config.o (.text.BIOS_startFunc)
                  00018fac    0000004c     button_service.o (.text.Button_Service_findCharParamId)
                  00018ff8    0000004c     drivers_cc13x2x7.a : CryptoUtils.c.obj (.text.CryptoUtils_reverseCopyPad)
                  00019044    0000004c     data_service.o (.text.Data_Service_findCharParamId)
                  00019090    0000004c     icall.o (.text.ICall_newTask)
                  000190dc    0000004c     led_service.o (.text.LED_Service_findCharParamId)
                  00019128    0000004c     driverlib.lib : osc.o (.text.NOROM_OSC_HPOSCRelativeFrequencyOffsetGet)
                  00019174    0000004c     nvocmp.o (.text.NVOCMP_setItemInactive)
                  000191c0    0000004c     drivers_cc13x2x7.a : NVSCC26XX.c.obj (.text.NVSCC26XX_init)
                  0001920c    0000004c                        : NVSCC26XX.c.obj (.text.NVSCC26XX_read)
                  00019258    0000004c                        : StructRingBuf.c.obj (.text.StructRingBuf_get)
                  000192a4    0000004c     rf_multiMode_cc13x2.a : rf_patch_cpe_bt5.c.cc13x2.ticlang.o (.text.configureBt5Patch)
                  000192f0    0000004c     drivers_cc13x2x7.a : SPICC26X2DMA.c.obj (.text.initHw)
                  0001933c    0000004c                        : PowerCC26X2.c.obj (.text.switchXOSCHF)
                  00019388    0000004c     ti_sysbios_config.o (.text.ti_sysbios_knl_Swi_Instance_init)
                  000193d4    0000004c     ti_sysbios_config.o (.text.ti_sysbios_runtime_Startup_exec)
                  00019420    0000004c     OneLib.a : ble.o (.text)
                  0001946c    0000004c              : ll_scheduler.o (.text)
                  000194b8    0000004c              : ll_scheduler.o (.text)
                  00019504    0000004a     driverlib.lib : chipinfo.o (.text.NOROM_ChipInfo_GetHwRevision)
                  0001954e    00000002     rom_init.o (.text.MAP_llUpdatePeriodicAdvChainPacket)
                  00019550    00000048     driverlib.lib : aux_sysif.o (.text.NOROM_AUXSYSIFOpModeChange)
                  00019598    00000048     rf_multiMode_cc13x2.a : rfc.c.cc13x2.ticlang.o (.text.NOROM_RFCSynthPowerDown)
                  000195e0    00000048     drivers_cc13x2x7.a : NVS.c.obj (.text.NVS_open)
                  00019628    00000048                        : PowerCC26X2.c.obj (.text.PowerCC26XX_switchXOSC_HF)
                  00019670    00000048     oad.o (.text.oadEnqueueMsg)
                  000196b8    00000048     ti_sysbios_config.o (.text.ti_sysbios_family_arm_cc26xx_Timer_start)
                  00019700    00000048     OneLib.a : att_util.o (.text)
                  00019748    00000048              : gattservapp.o (.text)
                  00019790    00000048              : ll.o (.text)
                  000197d8    00000048              : ll.o (.text)
                  00019820    00000048              : ll_common.o (.text)
                  00019868    00000048              : ll_common.o (.text)
                  000198b0    00000048     libclang_rt.builtins.a : fixdfsi.S.obj (.text)
                  000198f8    00000046     drivers_cc13x2x7.a : RingBuf.c.obj (.text.RingBuf_put)
                  0001993e    00000002     rf_multiMode_cc13x2.a : rfc.c.cc13x2.ticlang.o (.text.NOROM_RFCCpePatchReset)
                  00019940    00000044     ti_sysbios_config.o (.text.BIOS_atExitFunc)
                  00019984    00000044     drivers_cc13x2x7.a : GPIOCC26X2.c.obj (.text.GPIO_hwiIntFxn)
                  000199c8    00000044     icall.o (.text.ICall_getEntityId)
                  00019a0c    00000044     driverlib.lib : prcm.o (.text.NOROM_PRCMPowerDomainsAllOff)
                  00019a50    00000044                   : prcm.o (.text.NOROM_PRCMPowerDomainsAllOn)
                  00019a94    00000044     project_zero.o (.text.ProjectZero_clearConnListEntry)
                  00019ad8    00000044     rf_multiMode_cc13x2.a : RFCC26X2_multiMode.c.cc13x2.ticlang.o (.text.RF_cmdGet)
                  00019b1c    00000044                           : RFCC26X2_multiMode.c.cc13x2.ticlang.o (.text.RF_updatePowerupDuration)
                  00019b60    00000044     drivers_cc13x2x7.a : SPI.c.obj (.text.SPI_init)
                  00019ba4    00000044     ti_sysbios_config.o (.text.ti_sysbios_family_arm_m3_Hwi_Instance_finalize)
                  00019be8    00000044     ti_sysbios_config.o (.text.ti_sysbios_family_arm_m3_Hwi_construct2)
                  00019c2c    00000044     ti_sysbios_config.o (.text.ti_sysbios_family_arm_m3_Hwi_disableInterrupt)
                  00019c70    00000044     ti_sysbios_config.o (.text.ti_sysbios_family_arm_m3_Hwi_enableInterrupt)
                  00019cb4    00000044     ti_sysbios_config.o (.text.ti_sysbios_knl_Swi_restore)
                  00019cf8    00000044     OneLib.a : ll.o (.text)
                  00019d3c    00000044              : ll.o (.text)
                  00019d80    00000044              : ll.o (.text)
                  00019dc4    00000044              : ll_ae.o (.text)
                  00019e08    00000044              : ll_ae.o (.text)
                  00019e4c    00000044              : ll_common.o (.text)
                  00019e90    00000044     StackWrapper.a : osal.o (.text)
                  00019ed4    00000044                    : osal_timers.o (.text)
                  00019f18    00000044     libclang_rt.builtins.a : fixunsdfsi.S.obj (.text)
                  00019f5c    00000042     OneLib.a : ll.o (.text)
                  00019f9e    00000042              : ll_common.o (.text)
                  00019fe0    00000040     drivers_cc13x2x7.a : AESCTRDRBGXX.c.obj (.text.AESCTRDRBGXX_addBigendCounter)
                  0001a020    00000040                        : ECDHCC26X2.c.obj (.text.ECDHCC26X2_waitForResult)
                  0001a060    00000040     icall.o (.text.ICall_setTimerMSecs)
                  0001a0a0    00000040     drivers_cc13x2x7.a : PowerCC26X2_calibrateRCOSC.c.obj (.text.PowerCC26X2_RCOSC_clockFunc)
                  0001a0e0    00000040                        : PowerCC26X2_calibrateRCOSC_helpers.c.obj (.text.PowerCC26X2_setAclkRefSrc)
                  0001a120    00000040                        : SPI.c.obj (.text.SPI_open)
                  0001a160    00000040     util.o (.text.Util_rescheduleClock)
                  0001a1a0    00000040     drivers_cc13x2x7.a : NVSCC26XX.c.obj (.text.disableFlashCache)
                  0001a1e0    00000040     ti_sysbios_config.o (.text.ti_sysbios_knl_Clock_getTicksUntilInterrupt)
                  0001a220    00000040     ti_sysbios_config.o (.text.ti_sysbios_knl_Task_exit)
                  0001a260    00000040     OneLib.a : gap_configmgr.o (.text)
                  0001a2a0    00000040              : gattservapp.o (.text)
                  0001a2e0    00000040              : linkdb.o (.text)
                  0001a320    00000040              : ll_common.o (.text)
                  0001a360    00000040              : ll_common.o (.text)
                  0001a3a0    00000040              : sm_intpairing.o (.text)
                  0001a3e0    00000040     StackWrapper.a : osal.o (.text)
                  0001a420    00000040                    : osal_bufmgr.o (.text)
                  0001a460    00000040                    : osal_bufmgr.o (.text)
                  0001a4a0    00000040                    : osal_timers.o (.text)
                  0001a4e0    0000003e     OneLib.a : ll_common.o (.text)
                  0001a51e    00000002     drivers_cc13x2x7.a : NVSSPI25X.c.obj (.text.NVSSPI25X_deinitSpiCs)
                  0001a520    0000003c                        : GPIO.c.obj (.text.GPIO_resetConfig)
                  0001a55c    0000003c     ti_sysbios_config.o (.text.HwiP_construct)
                  0001a598    0000003c     icall.o (.text.ICall_dispatch)
                  0001a5d4    0000003c     driverlib.lib : sys_ctrl.o (.text.NOROM_SysCtrlIdle)
                  0001a610    0000003c     nvocmp.o (.text.NVOCMP_getFreeNvApi)
                  0001a64c    0000003c     oad.o (.text.OAD_setBlockSize)
                  0001a688    0000003c     drivers_cc13x2x7.a : PowerCC26X2_calibrateRCOSC_helpers.c.obj (.text.PowerCC26X2_setTdcClkSrc24M)
                  0001a6c4    0000003c     ti_sysbios_config.o (.text.ti_sysbios_family_arm_cc26xx_Timer_periodicStub)
                  0001a700    0000003c     ti_sysbios_config.o (.text.ti_sysbios_family_arm_cc26xx_Timer_setThreshold)
                  0001a73c    0000003c     ti_sysbios_config.o (.text.ti_sysbios_heaps_HeapCallback_construct)
                  0001a778    0000003c     ti_sysbios_config.o (.text.ti_sysbios_knl_ClockSupport_init)
                  0001a7b4    0000003c     ti_sysbios_config.o (.text.ti_sysbios_knl_Task_blockI)
                  0001a7f0    0000003c     ti_sysbios_config.o (.text.ti_sysbios_knl_Task_create)
                  0001a82c    0000003c     ti_sysbios_config.o (.text.ti_sysbios_knl_Task_restore)
                  0001a868    0000003c     ti_sysbios_config.o (.text.ti_sysbios_runtime_Memory_alloc)
                  0001a8a4    0000003c     OneLib.a : gap_linkmgr.o (.text)
                  0001a8e0    0000003c              : gattservapp.o (.text)
                  0001a91c    0000003c              : gattservapp.o (.text)
                  0001a958    0000003c              : gattservapp.o (.text)
                  0001a994    0000003c              : hci_event.o (.text)
                  0001a9d0    0000003c              : hci_tl.o (.text)
                  0001aa0c    0000003c              : linkdb.o (.text)
                  0001aa48    0000003c              : ll_ae.o (.text)
                  0001aa84    0000003c     StackWrapper.a : osal.o (.text)
                  0001aac0    0000003c                    : osal.o (.text)
                  0001aafc    0000003c                    : osal.o (.text)
                  0001ab38    0000003c                    : osal_timers.o (.text)
                  0001ab74    0000003c                    : sm_ecc.o (.text)
                  0001abb0    0000003a     drivers_cc13x2x7.a : CryptoUtils.c.obj (.text.CryptoUtils_copyPad)
                  0001abea    0000003a     ti_sysbios_config.o (.text.ti_sysbios_knl_Task_checkStacks)
                  0001ac24    0000003a     StackWrapper.a : osal.o (.text)
                  0001ac5e    00000002     rf_multiMode_cc13x2.a : RFCC26X2_multiMode.c.cc13x2.ticlang.o (.text.RF_defaultCallback)
                  0001ac60    00000038     drivers_cc13x2x7.a : AESCTRCC26XX.c.obj (.text.AESCTR_cleanup)
                  0001ac98    00000038                        : AESECBCC26XX.c.obj (.text.AESECB_cleanup)
                  0001acd0    00000038     icall.o (.text.ICall_heapFree)
                  0001ad08    00000038     icall.o (.text.ICall_searchServiceEntity)
                  0001ad40    00000038     nvocmp.o (.text.NVOCMP_disableCache)
                  0001ad78    00000038     nvocmp.o (.text.NVOCMP_write)
                  0001adb0    00000038     drivers_cc13x2x7.a : NVSSPI25X.c.obj (.text.NVSSPI25X_init)
                  0001ade8    00000038                        : PowerCC26X2_helpers.c.obj (.text.PowerCC26X2_oscDisableQualifiers)
                  0001ae20    00000038     project_zero.o (.text.ProjectZero_createTask)
                  0001ae58    00000038     drivers_cc13x2x7.a : Random.c.obj (.text.Random_getNumber)
                  0001ae90    00000038                        : RingBuf.c.obj (.text.RingBuf_putAdvance)
                  0001aec8    00000038                        : UDMACC26XX.c.obj (.text.UDMACC26XX_close)
                  0001af00    00000038     rf_multiMode_cc13x2.a : rf_patch_cpe_bt5.c.cc13x2.ticlang.o (.text.rf_patch_cpe_bt5)
                  0001af38    00000038     ti_sysbios_config.o (.text.ti_sysbios_knl_Task_processVitalTaskFlag)
                  0001af70    00000038     OneLib.a : hci.o (.text)
                  0001afa8    00000038              : linkdb.o (.text)
[...]
20000fb1  gapTaskID                                                       
20000fb2  gattNumConns                                                    
20000fb3  gattTaskID                                                      
20000fb4  GATTServApp_TaskID                                              
20000fb5  maxNumPrepareWrites                                             
20000fb6  hciPTMenabled                                                   
20000fb7  ctrlToHostEnable                                                
20000fb8  l2capFlowCtrlMode                                               
20000fb9  l2capTaskID                                                     
20000fba  l2capNumChannels                                                
20000fbb  l2capNumDataPkts                                                
20000fbc  l2capNumPSM                                                     
20000fbd  l2capNumCoChannels                                              
20000fbe  l2cap_gattServAppTaskID                                         
20000fbf  l2capId                                                         
20000fc1  linkDBNumConns                                                  
20000fc2  linkDB_secureConnectionOnlyMode                                 
20000fc3  maxPduSize                                                      
20000fc4  rfFeModeBias                                                    
20000fc5  defaultPhy                                                      
20000fc6  maxNumTxDataBufs                                                
20000fc7  LL_TaskID                                                       
20000fc8  llState                                                         
20000fc9  rssiCorrection                                                  
20000fca  curTxPowerVal                                                   
20000fcb  maxTxPwrForDTM                                                  
20000fcc  onePktPerEvt                                                    
20000fcd  numComplPkts                                                    
20000fce  numComplPktsLimit                                               
20000fcf  numComplPktsFlush                                               
20000fd0  fastTxRespTime                                                  
20000fd1  slOverride                                                      
20000fd2  rxFifoFlowCtrl                                                  
20000fd3  numTxDataBufs                                                   
20000fd4  maxNumConns                                                     
20000fd5  aeCurHandle                                                     
20000fd6  aeCurAdvEnableHandle                                            
20000fd7  aeCurConnHandle                                                 
20000fd8  extScanIndex                                                    
20000fd9  extInitIndex                                                    
20000fda  scanState                                                       
20000fdb  lastPrimPhy                                                     
20000fdc  lastScanRsp                                                     
20000fdd  smTaskID                                                        
20000fde  SM_appExpectingKey                                              
20001a50  PowerCC26X2_module                                              
20001a50  ramStartHere                                                    
20001eb8  gapAttrTbl                                                      
20001fe8  gpioPinConfigs                                                  
20002064  ICall_dispatcher                                                
200020e2  bleUserCfg_maxPduSize                                           
20002248  llUserConfig                                                    
200022b8  txPowerTable_2400_pa5_10                                        
20002322  disconnectImmedConnId                                           
20002390  BIOS_Module_state                                               
200023bc  ti_sysbios_family_arm_m3_Hwi_Module_state                       
200023f8  ti_sysbios_runtime_Startup_done                                 
200023fb  ti_sysbios_knl_Idle_initDone                                    
200023fc  ti_sysbios_runtime_Memory_defaultHeapInstance                   
20002414  ti_sysbios_runtime_Error_ignore                                 
20002420  ti_sysbios_family_arm_cc26xx_Timer_Module_state                 
2000242c  ti_sysbios_runtime_System_Module_state                          
20002438  ti_sysbios_knl_Swi_Module_state                                 
20002460  ti_sysbios_knl_Clock_Module_state                               
2000263c  pOverrides_bleCommon                                            
2000276c  gattAttrTbl                                                     
200027ac  sm_eccKeys_sc_host_debug                                        
200027ec  nvintfFncStruct                                                 
20002828  ti_sysbios_knl_Task_Module_state                                
2000289c  _lock                                                           
200028da  metaPage                                                        
20002926  llUserConfig_maxPduSize                                         
20002978  eccParams_NISTP256                                              
2000299c  pOverrides_ble2Mbps                                             
200029c0  pOverrides_bleTxStd                                             
20002a04  pOverrides_bleTx20                                              
20002a24  advParams1                                                      
20002a40  pOverrides_ble1Mbps                                             
20002a58  attDeviceName                                                   
20002a6e  baseTaskID                                                      
20002a88  ICall_enterCriticalSection                                      
20002a8c  ICall_leaveCriticalSection                                      
20002a90  heapmgrMemFreeTotal                                             
20002aac  scanResData1                                                    
20002abe  advData1                                                        
20002acf  PKAResourceCC26XX_pollingFlag                                   
20002ad0  RF_modeBle                                                      
20002ae0  _hposcCoeffs                                                    
20002af0  bleAppServiceInfoTable                                          
20002b00  pOverrides_bleCoded                                             
20002b10  user0Cfg                                                        
20002b20  gattAttrTbl_gatt_no_service_changed                             
20002b30  sizeInfo                                                        
20002b40  pairMode                                                        
20002b41  mitm                                                            
20002b42  ioCap                                                           
20002b43  bonding                                                         
20002b44  secureConnection                                                
20002b45  authenPairingOnly                                               
20002b46  autoSyncWL                                                      
20002b47  eccReGenPolicy                                                  
20002b48  KeySize                                                         
20002b49  removeLRUBond                                                   
20002b4a  KeyDistList                                                     
20002b4b  eccDebugKeys                                                    
20002b4c  allowDebugKeys                                                  
20002b4d  eraseBondWhileInConn                                            
20002b4e  sameIrkAction                                                   
20002b50  uartLog_tail                                                    
20002b51  uartLog_head                                                    
20002b52  uartLog_evBufIsEmpty                                            
20002b54  uartLog_evtNum                                                  
20002b8c  RFCC26XX_schedulerPolicy                                        
20002b94  ti_sysbios_gates_GateMutexPri_Module_state                      
20002b9c  ti_sysbios_heaps_HeapCallback_Module_state                      
20002ba4  ti_sysbios_knl_Event_state                                      
20002bac  ti_sysbios_knl_Semaphore_Module_state                           
20002bb4  periConnParameters                                              
20002bbc  _unlock                                                         
20002bc0  appAssertCback                                                  
20002bc4  icallServiceTblPtr                                              
20002bcc  pRandomAddress                                                  
20002bd0  pRfErrCb                                                        
20002bd4  pfnBMAlloc                                                      
20002bd8  pfnBMFree                                                       
20002bdc  patchedSlaveCtrlPktList                                         
20002be0  halAssertCback                                                  
20002bff  deviceNameCharProps                                             
20002c00  appearanceCharProps                                             
20002c01  periConnParamCharProps                                          
20002c02  centAddrResCharProps                                            
20002c03  centAddrRes                                                     
20002c04  resolvablePrivateAddressOnlyCharProps                           
20002c05  GATTServApp_gatt_no_service_changed                             
20002c07  qosDefaultPriorityConnParameter                                 
20002c08  extScanChanMap                                                  
20002c09  sizeOfAllExtConnParam                                           
20002c0a  rfRatHandle                                                     
20002c0b  smAllowDebugKeysMode                                            
20002c0c  gapEndAppTaskID                                                 
20002c0d  gapAppTaskID                                                    
20002c0e  legacyMode                                                      
20002c10  appTaskStack                                                    
20003410  uartLog_evBuf                                                   
20003910  ti_sysbios_knl_Idle_taskStack                                   
20003ed0  uart2CC26X2Objects                                              
20004040  rfObject                                                        
20004140  crcBuf                                                          
20004240  spiCC26X2DMAObjects                                             
20004340  ti_sysbios_family_arm_m3_Hwi_dispatchTable                      
20004418  uartLog_outBuf                                                  
20004551  resolvablePrivateAddressOnly                                    
20004552  appearance                                                      
20004554  trngCC26XXObjects                                               
200045d8  gpioCallbackFunctions                                           
20004654  gpioUserArgs                                                    
200046d0  cbTimers                                                        
200047b0  ti_sysbios_knl_ClockSupport_timerStruct                         
20004810  pzTask                                                          
20004868  ti_sysbios_knl_Idle_taskStruct                                  
200048c0  aesctrdrbgXXObjects                                             
20004914  CryptoResourceCC26XX_accessSemaphore                            
20004964  CryptoResourceCC26XX_operationSemaphore                         
200049b4  PKAResourceCC26XX_accessSemaphore                               
20004a04  PKAResourceCC26XX_operationSemaphore                            
20004b1c  aesctrCC26XXObjects                                             
20004b98  nvFptrs                                                         
20004bd4  ti_sysbios_knl_Swi_readyQs                                      
20004c04  ti_sysbios_knl_Task_readyQs                                     
20004c34  NVOCMP_nvHandle                                                 
20004c62  maximumPduSize                                                  
20004c64  rfSetup                                                         
20004c90  llCteSamples                                                    
20004cb4  aesecbCC26XXObjects                                             
20004d18  req                                                             
20004d38  extInitCmd                                                      
20004d58  extScanCmd                                                      
20004d78  gapBond_remoteOobData                                           
20004d98  gapBond_localOobData                                            
20004db8  ecdhCC26X2Objects                                               
20004dd8  ti_sysbios_runtime_System_atexitHandlers                        
20004df8  udmaCC26XXObject                                                
20004e34  BIOS_heapCallbackObject                                         
20004e50  BIOS_rtsGate                                                    
20004e6c  CryptoResourceCC26XX_hwi                                        
20004e88  PKAResourceCC26XX_hwi                                           
20004ea4  deviceName                                                      
20004ebc  aesccmCC26XXObjects                                             
20004ee8  rfMode                                                          
20004ef8  llCteTest                                                       
20004f04  cteAntennaProp                                                  
20004f10  llTaskList                                                      
20004f1c  nvsSPI25XObjects                                                
20004f28  defaultChannelMap                                               
20004f30  secondaryAdvChannelMap                                          
20004f38  llRfCmdPreemption                                               
20004f60  ggs_AppCBs                                                      
20004f68  BDAddrPerConnHandle                                             
20004f6c  llCte                                                           
20004f70  llConnExtParam                                                  
20004f74  extStackSettings                                                
20004f78  trngHandle                                                      
20004f7c  LSTORecoveryArr                                                 
20004f80  pNextAdvSet                                                     
20004f84  llCurrentMappedChan                                             
20004f88  drbgHandle                                                      
20004f8c  pRpaCfg                                                         
20004f90  gapBond_lruBondList                                             
20004f94  gapBondStateNodeHead                                            
20004f98  osal_syncHandle                                                 
20004f9c  osal_icallMsg_hook                                              
20004fa0  osal_qHead                                                      
20004fa4  osal_max_msecs                                                  
20004fa8  osal_tickperiod                                                 
20004fac  osal_eventloop_hook                                             
20004fb8  OSAL_timeSeconds                                                
20004fbc  timerHead                                                       
20004fc4  osal_last_timestamp                                             
20004fc8  HEAPMGR_SIZE                                                    
20004fcc  PowerCC26XX_swiKey                                              
20004fd0  PowerCC26XX_taskKey                                             
20004fd4  tasksEvents                                                     
20004fd8  ti_sysbios_family_arm_cc26xx_TimestampProvider_Module_state     
20004fdc  ti_sysbios_knl_Task_defaultStackHeap                            
20004fe2  pwrmgr_attribute                                                
20004fe4  GATTServApp_att_delayed_req                                     
20004fe5  hciTaskID                                                       
20004fe6  hciL2capTaskID                                                  
20004fe7  hciGapTaskID                                                    
20004fe8  hciSmpTaskID                                                    
20004fe9  hciTestTaskID                                                   
20004fea  hciVsEvtMask                                                    
20004feb  scanReqRpt                                                      
20004fec  secondaryAdvChannelMapPopCount                                  
20004fed  qosDefaultPriorityAdvParameter                                  
20004fee  maxNumCteDataBufs                                               
20004fef  numActiveAdvSets                                                
20004ff0  wlSize                                                          
20004ff1  rlSize                                                          
20004ff2  decryptResult                                                   
20004ff3  llUnhandleNextIntFlag                                           
20004ff4  smAuthenPairingOnlyMode                                         
20004ff5  icall_liteTaskId                                                
20004ff6  gapBond_removeLRUBond                                           
20004ff7  gapBond_syncRL                                                  
20004ff8  assertSubcause                                                  
20004ff9  osal_entity                                                     
20004ffa  pwrmgr_initialized                                              
20004ffb  NVOCMP_size                                                     
20004ffc  gAction                                                         
20004ffd  nvsCC26XXObjects                                                
20004ffe  heapStart                                                       
20023c00  __stack                                                         
20023c00  heapEnd                                                         
20024000  __STACK_END                                                     
20024000  __STACK_TOP                                                     
20024000  __UNUSED_SRAM_end__                                             
ffffffff  __TI_pprof_out_hndl                                             
ffffffff  __TI_prof_data_size                                             
ffffffff  __TI_prof_data_start                                            
ffffffff  __binit__                                                       
ffffffff  binit                                                           
UNDEFED   ITM_flush                                                       
UNDEFED   ITM_restore                                                     
UNDEFED   __c_args__                                                      
UNDEFED   __mpu_init                                                      

[2657 symbols]
